// Jest Snapshot v1, https://goo.gl/fbAQLP

exports[`Engine registering module fails if module with the same ref exists 1`] = `"Module \\"foo\\" is already registered"`;
